// Jest Snapshot v1, https://goo.gl/fbAQLP

exports[`Home.vue should have a custom title and match snapshot 1`] = `
<div class="panel-body" profile_model="[object Object]">
  <div class="vue-form-generator">
    <fieldset>
      <div class="form-group disabled readonly field-input"><label for="id-disabled-text-field"><span>ID (disabled text field)</span>
          <!---->
        </label>
        <div class="field-wrap">
          <div class="wrapper"><input id="id-disabled-text-field" type="text" disabled="disabled" readonly="readonly" class="form-control">
            <!---->
          </div>
          <!---->
        </div>
        <!---->
        <!---->
      </div>
      <div class="form-group featured required field-input"><label for="name"><span>Name</span>
          <!---->
        </label>
        <div class="field-wrap">
          <div class="wrapper"><input id="name" type="text" placeholder="Your name" required="required" class="form-control">
            <!---->
          </div>
          <!---->
        </div>
        <!---->
        <!---->
      </div>
      <div class="form-group field-select"><label for="skills"><span>Skills</span>
          <!---->
        </label>
        <div class="field-wrap"><select id="skills" class="form-control">
            <option value="">&lt;Nothing selected&gt;</option>
            <!---->
            <option value="Javascript">Javascript</option>
            <!---->
            <option value="VueJS">VueJS</option>
            <!---->
            <option value="CSS3">CSS3</option>
            <!---->
            <option value="HTML5">HTML5</option>
          </select>
          <!---->
        </div>
        <!---->
        <!---->
      </div>
      <div class="form-group field-input"><label for="e-mail"><span>E-mail</span>
          <!---->
        </label>
        <div class="field-wrap">
          <div class="wrapper"><input id="e-mail" type="email" placeholder="User's e-mail address" class="form-control">
            <!---->
          </div>
          <!---->
        </div>
        <!---->
        <!---->
      </div>
      <div class="form-group field-checkbox"><label for="status"><span>Status</span>
          <!---->
        </label>
        <div class="field-wrap"><input id="status" type="checkbox">
          <!---->
        </div>
        <!---->
        <!---->
      </div>
    </fieldset>
  </div>
</div>
`;
